[    0.000000] Initializing cgroup subsys cpuset
[    0.000000] Initializing cgroup subsys cpu
[    0.000000] Initializing cgroup subsys cpuacct
[    0.000000] Linux version 4.4.0-65-generic (buildd@lgw01-12) (gcc version 5.4.0 20160609 (Ubuntu 5.4.0-6ubuntu1~16.04.4) ) #86-Ubuntu SMP Thu Feb 23 17:49:58 UTC 2017 (Ubuntu 4.4.0-65.86-generic 4.4.49)
[    0.000000] Command line: BOOT_IMAGE=/boot/vmlinuz-4.4.0-65-generic root=LABEL=cloudimg-rootfs ro console=tty1 console=ttyS0
[    0.000000] KERNEL supported cpus:
[    0.000000]   Intel GenuineIntel
[    0.000000]   AMD AuthenticAMD
[    0.000000]   Centaur CentaurHauls
[    0.000000] x86/fpu: xstate_offset[2]:  576, xstate_sizes[2]:  256
[    0.000000] x86/fpu: Supporting XSAVE feature 0x01: 'x87 floating point registers'
[    0.000000] x86/fpu: Supporting XSAVE feature 0x02: 'SSE registers'
[    0.000000] x86/fpu: Supporting XSAVE feature 0x04: 'AVX registers'
[    0.000000] x86/fpu: Enabled xstate features 0x7, context size is 832 bytes, using 'standard' format.
[    0.000000] x86/fpu: Using 'lazy' FPU context switches.
[    0.000000] e820: BIOS-provided physical RAM map:
[    0.000000] BIOS-e820: [mem 0x0000000000000000-0x000000000009fbff] usable
[    0.000000] BIOS-e820: [mem 0x000000000009fc00-0x000000000009ffff] reserved
[    0.000000] BIOS-e820: [mem 0x00000000000f0000-0x00000000000fffff] reserved
[    0.000000] BIOS-e820: [mem 0x0000000000100000-0x000000003ffeffff] usable
[    0.000000] BIOS-e820: [mem 0x000000003fff0000-0x000000003fffffff] ACPI data
[    0.000000] BIOS-e820: [mem 0x00000000fec00000-0x00000000fec00fff] reserved
[    0.000000] BIOS-e820: [mem 0x00000000fee00000-0x00000000fee00fff] reserved
[    0.000000] BIOS-e820: [mem 0x00000000fffc0000-0x00000000ffffffff] reserved
[    0.000000] NX (Execute Disable) protection: active
[    0.000000] SMBIOS 2.5 present.
[    0.000000] Hypervisor detected: KVM
[    0.000000] e820: last_pfn = 0x3fff0 max_arch_pfn = 0x400000000
[    0.000000] MTRR: Disabled
[    0.000000] x86/PAT: MTRRs disabled, skipping PAT initialization too.
[    0.000000] x86/PAT: Configuration [0-7]: WB  WT  UC- UC  WB  WT  UC- UC  
[    0.000000] CPU MTRRs all blank - virtualized system.
[    0.000000] found SMP MP-table at [mem 0x0009fff0-0x0009ffff] mapped at [ffff88000009fff0]
[    0.000000] Scanning 1 areas for low memory corruption
[    0.000000] RAMDISK: [mem 0x36ad6000-0x37562fff]
[    0.000000] ACPI: Early table checksum verification disabled
[    0.000000] ACPI: RSDP 0x00000000000E0000 000024 (v02 VBOX  )
[    0.000000] ACPI: XSDT 0x000000003FFF0030 00003C (v01 VBOX   VBOXXSDT 00000001 ASL  00000061)
[    0.000000] ACPI: FACP 0x000000003FFF00F0 0000F4 (v04 VBOX   VBOXFACP 00000001 ASL  00000061)
[    0.000000] ACPI: DSDT 0x000000003FFF0470 00210F (v01 VBOX   VBOXBIOS 00000002 INTL 20100528)
[    0.000000] ACPI: FACS 0x000000003FFF0200 000040
[    0.000000] ACPI: FACS 0x000000003FFF0200 000040
[    0.000000] ACPI: APIC 0x000000003FFF0240 00005C (v02 VBOX   VBOXAPIC 00000001 ASL  00000061)
[    0.000000] ACPI: SSDT 0x000000003FFF02A0 0001CC (v01 VBOX   VBOXCPUT 00000002 INTL 20100528)
[    0.000000] No NUMA configuration found
[    0.000000] Faking a node at [mem 0x0000000000000000-0x000000003ffeffff]
[    0.000000] NODE_DATA(0) allocated [mem 0x3ffeb000-0x3ffeffff]
[    0.000000] kvm-clock: Using msrs 4b564d01 and 4b564d00
[    0.000000] kvm-clock: cpu 0, msr 0:3ffe3001, primary cpu clock
[    0.000000] kvm-clock: using sched offset of 8924534156 cycles
[    0.000000] clocksource: kvm-clock: mask: 0xffffffffffffffff max_cycles: 0x1cd42e4dffb, max_idle_ns: 881590591483 ns
[    0.000000] Zone ranges:
[    0.000000]   DMA      [mem 0x0000000000001000-0x0000000000ffffff]
[    0.000000]   DMA32    [mem 0x0000000001000000-0x000000003ffeffff]
[    0.000000]   Normal   empty
[    0.000000]   Device   empty
[    0.000000] Movable zone start for each node
[    0.000000] Early memory node ranges
[    0.000000]   node   0: [mem 0x0000000000001000-0x000000000009efff]
[    0.000000]   node   0: [mem 0x0000000000100000-0x000000003ffeffff]
[    0.000000] Initmem setup node 0 [mem 0x0000000000001000-0x000000003ffeffff]
[    0.000000] ACPI: PM-Timer IO Port: 0x4008
[    0.000000] IOAPIC[0]: apic_id 2, version 32, address 0xfec00000, GSI 0-23
[    0.000000] ACPI: INT_SRC_OVR (bus 0 bus_irq 0 global_irq 2 dfl dfl)
[    0.000000] ACPI: INT_SRC_OVR (bus 0 bus_irq 9 global_irq 9 high level)
[    0.000000] Using ACPI (MADT) for SMP configuration information
[    0.000000] smpboot: Allowing 2 CPUs, 0 hotplug CPUs
[    0.000000] PM: Registered nosave memory: [mem 0x00000000-0x00000fff]
[    0.000000] PM: Registered nosave memory: [mem 0x0009f000-0x0009ffff]
[    0.000000] PM: Registered nosave memory: [mem 0x000a0000-0x000effff]
[    0.000000] PM: Registered nosave memory: [mem 0x000f0000-0x000fffff]
[    0.000000] e820: [mem 0x40000000-0xfebfffff] available for PCI devices
[    0.000000] Booting paravirtualized kernel on KVM
[    0.000000] clocksource: refined-jiffies: mask: 0xffffffff max_cycles: 0xffffffff, max_idle_ns: 7645519600211568 ns
[    0.000000] setup_percpu: NR_CPUS:512 nr_cpumask_bits:512 nr_cpu_ids:2 nr_node_ids:1
[    0.000000] PERCPU: Embedded 33 pages/cpu @ffff88003fc00000 s98264 r8192 d28712 u1048576
[    0.000000] PV qspinlock hash table entries: 256 (order: 0, 4096 bytes)
[    0.000000] Built 1 zonelists in Node order, mobility grouping on.  Total pages: 257913
[    0.000000] Policy zone: DMA32
[    0.000000] Kernel command line: BOOT_IMAGE=/boot/vmlinuz-4.4.0-65-generic root=LABEL=cloudimg-rootfs ro console=tty1 console=ttyS0
[    0.000000] PID hash table entries: 4096 (order: 3, 32768 bytes)
[    0.000000] Memory: 1001776K/1048120K available (8452K kernel code, 1293K rwdata, 3976K rodata, 1484K init, 1316K bss, 46344K reserved, 0K cma-reserved)
[    0.000000] SLUB: HWalign=64, Order=0-3, MinObjects=0, CPUs=2, Nodes=1
[    0.000000] Hierarchical RCU implementation.
[    0.000000] 	Build-time adjustment of leaf fanout to 64.
[    0.000000] 	RCU restricting CPUs from NR_CPUS=512 to nr_cpu_ids=2.
[    0.000000] RCU: Adjusting geometry for rcu_fanout_leaf=64, nr_cpu_ids=2
[    0.000000] NR_IRQS:33024 nr_irqs:440 16
[    0.000000] Console: colour VGA+ 80x25
[    0.000000] console [tty1] enabled
[    0.000000] console [ttyS0] enabled
[    0.000000] tsc: Detected 3430.172 MHz processor
[    2.624411] Calibrating delay loop (skipped) preset value.. 6860.34 BogoMIPS (lpj=13720688)
[    2.662300] pid_max: default: 32768 minimum: 301
[    2.683762] ACPI: Core revision 20150930
[    2.702918] ACPI: 2 ACPI AML tables successfully acquired and loaded
[    2.732086] Security Framework initialized
[    2.750673] Yama: becoming mindful.
[    2.767657] AppArmor: AppArmor initialized
[    2.786205] Dentry cache hash table entries: 131072 (order: 8, 1048576 bytes)
[    2.814628] Inode-cache hash table entries: 65536 (order: 7, 524288 bytes)
[    2.843601] Mount-cache hash table entries: 2048 (order: 2, 16384 bytes)
[    2.869153] Mountpoint-cache hash table entries: 2048 (order: 2, 16384 bytes)
[    2.897900] Initializing cgroup subsys io
[    2.917292] Initializing cgroup subsys memory
[    2.937458] Initializing cgroup subsys devices
[    2.957345] Initializing cgroup subsys freezer
[    2.977322] Initializing cgroup subsys net_cls
[    2.996856] Initializing cgroup subsys perf_event
[    3.017132] Initializing cgroup subsys net_prio
[    3.036506] Initializing cgroup subsys hugetlb
[    3.056486] Initializing cgroup subsys pids
[    3.076097] CPU: Physical Processor ID: 0
[    3.094569] CPU: Processor Core ID: 0
[    3.113535] mce: CPU supports 0 MCE banks
[    3.131854] Last level iTLB entries: 4KB 512, 2MB 8, 4MB 8
[    3.154666] Last level dTLB entries: 4KB 512, 2MB 32, 4MB 32, 1GB 0
[    3.208784] Freeing SMP alternatives memory: 32K (ffffffff820b8000 - ffffffff820c0000)
[    3.360011] ftrace: allocating 32113 entries in 126 pages
[    3.880772] smpboot: APIC(0) Converting physical 0 to logical package 0
[    3.905990] smpboot: Max logical packages: 1
[    3.930316] x2apic enabled
[    3.948938] Switched APIC routing to physical x2apic.
[    3.998273] ..TIMER: vector=0x30 apic1=0 pin1=2 apic2=-1 pin2=-1
[    4.131935] smpboot: CPU0: Intel(R) Core(TM) i5-3570K CPU @ 3.40GHz (family: 0x6, model: 0x3a, stepping: 0x9)
[    4.177091] Performance Events: unsupported p6 CPU model 58 no PMU driver, software events only.
[    4.218019] KVM setup paravirtual spinlock
[    4.236701] x86: Booting SMP configuration:
[    4.255960] .... node  #0, CPUs:      #1
[    4.275757] kvm-clock: cpu 1, msr 0:3ffe3041, secondary cpu clock
[    4.294717] mce: CPU supports 0 MCE banks
[    4.307245] x86: Booted up 1 node, 2 CPUs
[    4.330341] smpboot: Total of 2 processors activated (13720.68 BogoMIPS)
[    4.361735] devtmpfs: initialized
[    4.379867] evm: security.selinux
[    4.396559] evm: security.SMACK64
[    4.413082] evm: security.SMACK64EXEC
[    4.430766] evm: security.SMACK64TRANSMUTE
[    4.450103] evm: security.SMACK64MMAP
[    4.467775] evm: security.ima
[    4.482770] evm: security.capability
[    4.500874] clocksource: jiffies: mask: 0xffffffff max_cycles: 0xffffffff, max_idle_ns: 7645041785100000 ns
[    4.542070] pinctrl core: initialized pinctrl subsystem
[    4.565602] RTC time: 22:13:43, date: 03/08/17
[    4.587566] NET: Registered protocol family 16
[    4.617667] cpuidle: using governor ladder
[    4.649135] cpuidle: using governor menu
[    4.667894] PCCT header not found.
[    4.685205] ACPI: bus type PCI registered
[    4.704275] acpiphp: ACPI Hot Plug PCI Controller Driver version: 0.5
[    4.731341] PCI: Using configuration type 1 for base access
[    4.770261] ACPI: Added _OSI(Module Device)
[    4.789472] ACPI: Added _OSI(Processor Device)
[    4.809225] ACPI: Added _OSI(3.0 _SCP Extensions)
[    4.837682] ACPI: Added _OSI(Processor Aggregator Device)
[    4.865959] ACPI: Executed 1 blocks of module-level executable AML code
[    4.904151] ACPI: Interpreter enabled
[    4.921572] ACPI: (supports S0 S5)
[    4.938335] ACPI: Using IOAPIC for interrupt routing
[    4.960259] PCI: Using host bridge windows from ACPI; if necessary, use "pci=nocrs" and report a bug
[    5.021300] ACPI: PCI Root Bridge [PCI0] (domain 0000 [bus 00-ff])
[    5.047763] acpi PNP0A03:00: _OSC: OS supports [ASPM ClockPM Segments MSI]
[    5.076442] acpi PNP0A03:00: _OSC failed (AE_NOT_FOUND); disabling ASPM
[    5.104157] acpi PNP0A03:00: fail to add MMCONFIG information, can't access extended PCI configuration space under this bridge.
[    5.152990] PCI host bridge to bus 0000:00
[    5.171209] pci_bus 0000:00: root bus resource [io  0x0000-0x0cf7 window]
[    5.198057] pci_bus 0000:00: root bus resource [io  0x0d00-0xffff window]
[    5.225772] pci_bus 0000:00: root bus resource [mem 0x000a0000-0x000bffff window]
[    5.259129] pci_bus 0000:00: root bus resource [mem 0x40000000-0xffdfffff window]
[    5.291914] pci_bus 0000:00: root bus resource [bus 00-ff]
[    5.353784] pci 0000:00:01.1: legacy IDE quirk: reg 0x10: [io  0x01f0-0x01f7]
[    5.382307] pci 0000:00:01.1: legacy IDE quirk: reg 0x14: [io  0x03f6]
[    5.409245] pci 0000:00:01.1: legacy IDE quirk: reg 0x18: [io  0x0170-0x0177]
[    5.437563] pci 0000:00:01.1: legacy IDE quirk: reg 0x1c: [io  0x0376]
[    5.601485] pci 0000:00:07.0: quirk: [io  0x4000-0x403f] claimed by PIIX4 ACPI
[    5.635157] pci 0000:00:07.0: quirk: [io  0x4100-0x410f] claimed by PIIX4 SMB
[    5.712277] ACPI: PCI Interrupt Link [LNKA] (IRQs 5 9 10 *11)
[    5.750548] ACPI: PCI Interrupt Link [LNKB] (IRQs 5 9 10 *11)
[    5.980496] ACPI: PCI Interrupt Link [LNKC] (IRQs 5 9 *10 11)
[    6.018534] ACPI: PCI Interrupt Link [LNKD] (IRQs 5 *9 10 11)
[    6.056681] ACPI: Enabled 2 GPEs in block 00 to 07
[    6.084356] vgaarb: setting as boot device: PCI:0000:00:02.0
[    6.108490] vgaarb: device added: PCI:0000:00:02.0,decodes=io+mem,owns=io+mem,locks=none
[    6.145001] vgaarb: loaded
[    6.159868] vgaarb: bridge control possible 0000:00:02.0
[    6.182758] SCSI subsystem initialized
[    6.201701] ACPI: bus type USB registered
[    6.220318] usbcore: registered new interface driver usbfs
[    6.243526] usbcore: registered new interface driver hub
[    6.265934] usbcore: registered new device driver usb
[    6.289382] PCI: Using ACPI for IRQ routing
[    6.312841] NetLabel: Initializing
[    6.329330] NetLabel:  domain hash size = 128
[    6.348523] NetLabel:  protocols = UNLABELED CIPSOv4
[    6.369700] NetLabel:  unlabeled traffic allowed by default
[    6.394068] amd_nb: Cannot enumerate AMD northbridges
[    6.416981] clocksource: Switched to clocksource kvm-clock
[    6.450506] AppArmor: AppArmor Filesystem Enabled
[    6.470541] pnp: PnP ACPI init
[    6.493808] pnp: PnP ACPI: found 3 devices
[    6.560860] clocksource: acpi_pm: mask: 0xffffff max_cycles: 0xffffff, max_idle_ns: 2085701024 ns
[    6.598316] NET: Registered protocol family 2
[    6.618086] TCP established hash table entries: 8192 (order: 4, 65536 bytes)
[    6.645961] TCP bind hash table entries: 8192 (order: 5, 131072 bytes)
[    6.671539] TCP: Hash tables configured (established 8192 bind 8192)
[    6.696491] UDP hash table entries: 512 (order: 2, 16384 bytes)
[    6.719949] UDP-Lite hash table entries: 512 (order: 2, 16384 bytes)
[    6.744824] NET: Registered protocol family 1
[    6.763426] pci 0000:00:00.0: Limiting direct PCI/PCI transfers
[    6.787512] pci 0000:00:01.0: Activating ISA DMA hang workarounds
[    6.814386] Unpacking initramfs...
[    8.801683] Freeing initrd memory: 10804K (ffff880036ad6000 - ffff880037563000)
[    8.834321] RAPL PMU detected, API unit is 2^-32 Joules, 3 fixed counters 10737418240 ms ovfl timer
[    8.870951] hw unit of domain pp0-core 2^-0 Joules
[    8.890610] hw unit of domain package 2^-0 Joules
[    8.910535] hw unit of domain pp1-gpu 2^-0 Joules
[    8.931621] platform rtc_cmos: registered platform RTC device (no PNP device found)
[    8.964408] Scanning for low memory corruption every 60 seconds
[    8.988700] futex hash table entries: 512 (order: 3, 32768 bytes)
[    9.013672] audit: initializing netlink subsys (disabled)
[    9.036608] audit: type=2000 audit(1489011232.824:1): initialized
[    9.061478] Initialise system trusted keyring
[    9.081640] HugeTLB registered 2 MB page size, pre-allocated 0 pages
[    9.108184] zbud: loaded
[    9.122681] VFS: Disk quotas dquot_6.6.0
[    9.141365] VFS: Dquot-cache hash table entries: 512 (order 0, 4096 bytes)
[    9.168621] squashfs: version 4.0 (2009/01/31) Phillip Lougher
[    9.193335] fuse init (API version 7.23)
[    9.211725] Key type big_key registered
[    9.229417] Allocating IMA MOK and blacklist keyrings.
[    9.265523] Key type asymmetric registered
[    9.284369] Asymmetric key parser 'x509' registered
[    9.306789] Block layer SCSI generic (bsg) driver version 0.4 loaded (major 249)
[    9.341407] io scheduler noop registered
[    9.359683] io scheduler deadline registered (default)
[    9.380978] io scheduler cfq registered
[    9.398847] pci_hotplug: PCI Hot Plug PCI Core version: 0.5
[    9.421622] pciehp: PCI Express Hot Plug Controller Driver version: 0.4
[    9.447873] ACPI: AC Adapter [AC] (on-line)
[    9.467936] input: Power Button as /devices/LNXSYSTM:00/LNXPWRBN:00/input/input0
[    9.500565] ACPI: Power Button [PWRF]
[    9.518383] input: Sleep Button as /devices/LNXSYSTM:00/LNXSLPBN:00/input/input1
[    9.550209] ACPI: Sleep Button [SLPF]
[    9.568452] GHES: HEST is not enabled!
[    9.585944] Serial: 8250/16550 driver, 32 ports, IRQ sharing enabled
[    9.686944] 00:02: ttyS0 at I/O 0x3f8 (irq = 4, base_baud = 115200) is a 16550A
[    9.721011] Linux agpgart interface v0.103
[    9.744872] loop: module loaded
[    9.765748] scsi host0: ata_piix
[    9.782667] scsi host1: ata_piix
[    9.798286] ata1: PATA max UDMA/33 cmd 0x1f0 ctl 0x3f6 bmdma 0xd000 irq 14
[    9.824716] ata2: PATA max UDMA/33 cmd 0x170 ctl 0x376 bmdma 0xd008 irq 15
[    9.851559] libphy: Fixed MDIO Bus: probed
[    9.870754] tun: Universal TUN/TAP device driver, 1.6
[    9.891889] tun: (C) 1999-2004 Max Krasnyansky <maxk@qualcomm.com>
[    9.917236] PPP generic driver version 2.4.2
[    9.936084] ehci_hcd: USB 2.0 'Enhanced' Host Controller (EHCI) Driver
[    9.961656] ehci-pci: EHCI PCI platform driver
[    9.981065] ehci-platform: EHCI generic platform driver
[   10.003338] ohci_hcd: USB 1.1 'Open' Host Controller (OHCI) Driver
[   10.028073] ohci-pci: OHCI PCI platform driver
[   10.047715] ohci-platform: OHCI generic platform driver
[   10.069177] uhci_hcd: USB Universal Host Controller Interface driver
[   10.094033] i8042: PNP: PS/2 Controller [PNP0303:PS2K,PNP0f03:PS2M] at 0x60,0x64 irq 1,12
[   10.135355] serio: i8042 KBD port at 0x60,0x64 irq 1
[   10.156619] serio: i8042 AUX port at 0x60,0x64 irq 12
[   10.177873] mousedev: PS/2 mouse device common for all mice
[   10.206315] rtc_cmos rtc_cmos: rtc core: registered rtc_cmos as rtc0
[   10.233852] input: AT Translated Set 2 keyboard as /devices/platform/i8042/serio0/input/input2
[   10.234023] rtc_cmos rtc_cmos: alarms up to one day, 114 bytes nvram
[   10.234037] i2c /dev entries driver
[   10.234090] device-mapper: uevent: version 1.0.3
[   10.332520] device-mapper: ioctl: 4.34.0-ioctl (2015-10-28) initialised: dm-devel@redhat.com
[   10.369440] ledtrig-cpu: registered to indicate activity on CPUs
[   10.396332] NET: Registered protocol family 10
[   10.416771] NET: Registered protocol family 17
[   10.435975] Key type dns_resolver registered
[   10.455658] microcode: CPU0 sig=0x306a9, pf=0x2, revision=0x19
[   10.479397] microcode: CPU1 sig=0x306a9, pf=0x2, revision=0x19
[   10.504628] microcode: Microcode Update Driver: v2.01 <tigran@aivazian.fsnet.co.uk>, Peter Oruba
[   10.541102] registered taskstats version 1
[   10.559554] Loading compiled-in X.509 certificates
[   10.580954] Loaded X.509 cert 'Build time autogenerated kernel key: 98d183b99aa40711f99c95e057e5fc854b84a3cb'
[   10.621005] zswap: loaded using pool lzo/zbud
[   10.643872] Key type trusted registered
[   10.669792] Key type encrypted registered
[   10.688455] AppArmor: AppArmor sha1 policy hashing enabled
[   10.711284] ima: No TPM chip found, activating TPM-bypass!
[   10.733899] evm: HMAC attrs: 0x1
[   10.754086]   Magic number: 9:85:249
[   10.771859] rtc_cmos rtc_cmos: setting system clock to 2017-03-08 22:13:49 UTC (1489011229)
[   10.807853] BIOS EDD facility v0.16 2004-Jun-25, 0 devices found
[   10.832003] EDD information not available.
[   10.858663] Freeing unused kernel memory: 1484K (ffffffff81f45000 - ffffffff820b8000)
[   10.892243] Write protecting the kernel read-only data: 14336k
[   10.920076] Freeing unused kernel memory: 1776K (ffff880001844000 - ffff880001a00000)
[   10.956627] Freeing unused kernel memory: 120K (ffff880001de2000 - ffff880001e00000)
Loading, please wait...
starting version[   11.022915] random: udevadm: uninitialized urandom read (16 bytes read, 3 bits of entropy available)
 229
[   11.050117] random: systemd-udevd: uninitialized urandom read (16 bytes read, 3 bits of entropy available)
[   11.050176] random: systemd-udevd: uninitialized urandom read (16 bytes read, 3 bits of entropy available)
[   11.050186] random: systemd-udevd: uninitialized urandom read (16 bytes read, 3 bits of entropy available)
[   11.050197] random: systemd-udevd: uninitialized urandom read (16 bytes read, 3 bits of entropy available)
[   11.221399] random: udevadm: uninitialized urandom read (16 bytes read, 3 bits of entropy available)
[   11.259011] random: udevadm: uninitialized urandom read (16 bytes read, 3 bits of entropy available)
[   11.297087] random: udevadm: uninitialized urandom read (16 bytes read, 3 bits of entropy available)
[   11.335503] random: udevadm: uninitialized urandom read (16 bytes read, 3 bits of entropy available)
[   11.374197] random: udevadm: uninitialized urandom read (16 bytes read, 3 bits of entropy available)
[   11.500531] Fusion MPT base driver 3.04.20
[   11.519592] Copyright (c) 1999-2008 LSI Corporation
[   11.548300] e1000: Intel(R) PRO/1000 Network Driver - version 7.3.21-k8-NAPI
[   11.576583] e1000: Copyright (c) 1999-2006 Intel Corporation.
[   11.639780] Fusion MPT SPI Host driver 3.04.20
[   11.663776] AVX version of gcm_enc/dec engaged.
[   11.690986] AES CTR mode by8 optimization enabled
[   11.938161] input: ImExPS/2 Generic Explorer Mouse as /devices/platform/i8042/serio1/input/input4
[   13.456632] e1000 0000:00:03.0 eth0: (PCI:33MHz:32-bit) 02:89:23:b2:51:06
[   13.483870] e1000 0000:00:03.0 eth0: Intel(R) PRO/1000 Network Connection
[   13.518758] mptbase: ioc0: Initiating bringup
[   13.520426] e1000 0000:00:03.0 enp0s3: renamed from eth0
[   13.632564] ioc0: LSI53C1030 A0: Capabilities={Initiator}
[   13.867203] scsi host2: ioc0: LSI53C1030 A0, FwRev=00000000h, Ports=1, MaxQ=256, IRQ=20
[   14.030195] scsi 2:0:0:0: Direct-Access     VBOX     HARDDISK         1.0  PQ: 0 ANSI: 5
[   14.083362] scsi target2:0:0: Beginning Domain Validation
[   14.117766] scsi target2:0:0: Domain Validation skipping write tests
[   14.142483] scsi target2:0:0: Ending Domain Validation
[   14.164145] scsi target2:0:0: asynchronous
[   14.186892] scsi 2:0:1:0: Direct-Access     VBOX     HARDDISK         1.0  PQ: 0 ANSI: 5
[   14.411486] scsi target2:0:1: Beginning Domain Validation
[   14.444616] scsi target2:0:1: Domain Validation skipping write tests
[   14.470336] scsi target2:0:1: Ending Domain Validation
[   14.492388] scsi target2:0:1: asynchronous
[   14.549665] floppy0: no floppy controllers found
[   14.572253] sd 2:0:0:0: Attached scsi generic sg0 type 0
[   14.596387] sd 2:0:0:0: [sda] 20971520 512-byte logical blocks: (10.7 GB/10.0 GiB)
[   14.633507] sd 2:0:1:0: Attached scsi generic sg1 type 0
[   14.633677] sd 2:0:1:0: [sdb] 20480 512-byte logical blocks: (10.5 MB/10.0 MiB)
[   14.633741] sd 2:0:0:0: [sda] Write Protect is off
[   14.709571] sd 2:0:0:0: [sda] Incomplete mode parameter data
[   14.733428] sd 2:0:0:0: [sda] Assuming drive cache: write through
[   14.759135] sd 2:0:1:0: [sdb] Write Protect is off
[   14.781827] sd 2:0:1:0: [sdb] Incomplete mode parameter data
[   14.805184] sd 2:0:1:0: [sdb] Assuming drive cache: write through
[   14.837303]  sda: sda1
[   14.856950] sd 2:0:0:0: [sda] Attached SCSI disk
[   14.879217] sd 2:0:1:0: [sdb] Attached SCSI disk
Begin: Loading essential drivers ... [   21.406335] md: linear personality registered for level -1
[   21.437695] md: multipath personality registered for level -4
[   21.467837] md: raid0 personality registered for level 0
[   21.499112] md: raid1 personality registered for level 1
[   21.601292] raid6: sse2x1   gen()  7439 MB/s
[   21.685277] raid6: sse2x1   xor()  5815 MB/s
[   21.769298] raid6: sse2x2   gen()  9004 MB/s
[   21.853303] raid6: sse2x2   xor()  6671 MB/s
[   21.937405] raid6: sse2x4   gen() 10805 MB/s
[   22.021344] raid6: sse2x4   xor()  7924 MB/s
[   22.040518] raid6: using algorithm sse2x4 gen() 10805 MB/s
[   22.062980] raid6: .... xor() 7924 MB/s, rmw enabled
[   22.083961] raid6: using ssse3x2 recovery algorithm
[   22.111219] xor: automatically using best checksumming function:
[   22.173353]    avx       : 15375.000 MB/sec
[   22.198924] async_tx: api initialized (async)
[   22.246578] md: raid6 personality registered for level 6
[   22.268593] md: raid5 personality registered for level 5
[   22.290421] md: raid4 personality registered for level 4
[   22.325489] md: raid10 personality registered for level 10
done.
Begin: Running /scripts/init-premount ... done.
Begin: Mounting root file system ... Begin: Running /scripts/local-top ... done.
Begin: Running /scripts/local-premount ... [   22.460172] Btrfs loaded
Scanning for Btrfs filesystems
done.
Warning: fsck not present, so skipping root file system
[   22.561492] EXT4-fs (sda1): mounted filesystem with ordered data mode. Opts: (null)
done.
Begin: Running /scripts/local-bottom ... done.
Begin: Running /scripts/init-bottom ... done.
[   22.849621] systemd[1]: systemd 229 running in system mode. (+PAM +AUDIT +SELINUX +IMA +APPARMOR +SMACK +SYSVINIT +UTMP +LIBCRYPTSETUP +GCRYPT +GNUTLS +ACL +XZ -LZ4 +SECCOMP +BLKID +ELFUTILS +KMOD -IDN)
[   22.917934] systemd[1]: Detected virtualization oracle.
[   22.939623] systemd[1]: Detected architecture x86-64.

Welcome to [1mUbuntu 16.04.2 LTS[0m!

[   22.984228] systemd[1]: Set hostname to <ubuntu-xenial>.
[   23.219166] systemd[1]: Started Forward Password Requests to Wall Directory Watch.
[[0;32m  OK  [0m] Started Forward Password Requests to Wall Directory Watch.
[   23.275947] systemd[1]: Listening on Journal Socket.
[[0;32m  OK  [0m] Listening on Journal Socket.
[   23.314900] systemd[1]: Listening on Device-mapper event daemon FIFOs.
[[0;32m  OK  [0m] Listening on Device-mapper event daemon FIFOs.
[   23.362399] systemd[1]: Listening on Syslog Socket.
[[0;32m  OK  [0m] Listening on Syslog Socket.
[   23.406981] systemd[1]: Set up automount Arbitrary Executable File Formats File System Automount Point.
[[0;32m  OK  [0m] Set up automount Arbitrary Executab...ats File System Automount Point.
[   23.470730] systemd[1]: Created slice System Slice.
[[0;32m  OK  [0m] Created slice System Slice.
[   23.525707] systemd[1]: Starting Remount Root and Kernel File Systems...
[   23.538052] EXT4-fs (sda1): re-mounted. Opts: (null)
         Starting Remount Root and Kernel File Systems...
[   23.595930] systemd[1]: Listening on udev Control Socket.
[[0;32m  OK  [0m] Listening on udev Control Socket.
[   23.639684] systemd[1]: Reached target Swap.
[[0;32m  OK  [0m] Reached target Swap.
[   23.675954] systemd[1]: Listening on /dev/initctl Compatibility Named Pipe.
[[0;32m  OK  [0m] Listening on /dev/initctl Compatibility Named Pipe.
[   23.741767] systemd[1]: Starting Load Kernel Modules...
[   23.770267] Loading iSCSI transport class v2.0-870.
         Starting Load Kernel Modules...
[   23.797839] systemd[1]: Listening on LVM2 poll daemon socket.
[[0;32m  OK  [0m] Listening on LVM2 poll daemon socket.
[   23.848635] iscsi: registered transport (tcp)
[   23.874066] systemd[1]: Starting Create list of required static device nodes for the current kernel...
         Starting Create list of required st... nodes for the current kernel...
[   23.939851] systemd[1]: Listening on LVM2 metadata daemon socket.
[[0;32m  OK  [0m] Listening on LVM2 metadata daemon socket.
[   23.992374] systemd[1]: Starting Monitoring of LVM2 mirrors, snapshots etc. using dmeventd or progress polling...
         Starting Monitoring of LVM2 mirrors... dmeventd or progress polling...
[   24.086027] systemd[1]: Starting Nameserver information manager...
         Starting Nameserver information manager...
[   24.137871] systemd[1]: Listening on Journal Audit Socket.
[   24.162325] random: nonblocking pool is initialized
[[0;32m  OK  [0m] Listening on Journal Audit Socket.
[   24.195531] systemd[1]: Reached target Encrypted Volumes.
[   24.223824] iscsi: registered transport (iser)
[[0;32m  OK  [0m] Reached target Encrypted Volumes.
[   24.260888] systemd[1]: Created slice User and Session Slice.
[[0;32m  OK  [0m] Created slice User and Session Slice.
[   24.304632] systemd[1]: Reached target Slices.
[[0;32m  OK  [0m] Reached target Slices.
[   24.353860] systemd[1]: Mounting POSIX Message Queue File System...
         Mounting POSIX Message Queue File System...
[   24.397880] systemd[1]: Listening on udev Kernel Socket.
[[0;32m  OK  [0m] Listening on udev Kernel Socket.
[   24.439661] systemd[1]: Starting Uncomplicated firewall...
         Starting Uncomplicated firewall...
[   24.479390] systemd[1]: Reached target User and Group Name Lookups.
[[0;32m  OK  [0m] Reached target User and Group Name Lookups.
[   24.525329] systemd[1]: Listening on Journal Socket (/dev/log).
[[0;32m  OK  [0m] Listening on Journal Socket (/dev/log).
[   24.577853] systemd[1]: Starting Journal Service...
         Starting Journal Service...
[   24.619768] systemd[1]: Mounting Huge Pages File System...
         Mounting Huge Pages File System...
[   24.659875] systemd[1]: Starting Set console keymap...
         Starting Set console keymap...
[   24.701666] systemd[1]: Mounting Debug File System...
         Mounting Debug File System...
[   24.743367] systemd[1]: Created slice system-serial\x2dgetty.slice.
[[0;32m  OK  [0m] Created slice system-serial\x2dgetty.slice.
[   24.806237] systemd[1]: Mounted POSIX Message Queue File System.
[[0;32m  OK  [0m] Mounted POSIX Message Queue File System.
[   24.855807] systemd[1]: Mounted Huge Pages File System.
[[0;32m  OK  [0m] Mounted Huge Pages File System.
[   24.896600] systemd[1]: Mounted Debug File System.
[[0;32m  OK  [0m] Mounted Debug File System.
[   24.934221] systemd[1]: Started Journal Service.
[[0;32m  OK  [0m] Started Journal Service.
[[0;32m  OK  [0m] Started Remount Root and Kernel File Systems.
[[0;32m  OK  [0m] Started Load Kernel Modules.
[[0;32m  OK  [0m] Started Create list of required sta...ce nodes for the current kernel.
[[0;32m  OK  [0m] Started Uncomplicated firewall.
[[0;32m  OK  [0m] Started Set console keymap.
[[0;32m  OK  [0m] Started Nameserver information manager.
[[0;32m  OK  [0m] Started LVM2 metadata daemon.
         Starting Create Static Device Nodes in /dev...
         Starting Apply Kernel Variables...
         Mounting FUSE Control File System...
         Starting Initial cloud-init job (pre-networking)...
         Starting udev Coldplug all Devices...
         Starting Load/Save Random Seed...
         Starting Flush Journal to Persistent Storage...
[[0;32m  OK  [0m] Mounted FUSE Control File System.
[[0;32m  OK  [0m] Started Create Static Device Nodes in /dev.
[[0;32m  OK  [0m] Started Apply Kernel Variables.
[[0;32m  OK  [0m] Started Load/Save Random Seed.
[[0;32m  OK  [0m] Started Monitoring of LVM2 mirrors,...ng dmeventd or progress polling.
[[0;32m  OK  [0m] Started udev Coldplug all Devices.
[[0;32m  OK  [0m] Started Flush Journal to Persistent Storage.
         Starting udev Kernel Device Manager...
[[0;32m  OK  [0m] Started udev Kernel Device Manager.
[[0;32m  OK  [0m] Started Dispatch Password Requests to Console Directory Watch.
[[0;32m  OK  [0m] Reached target Local File Systems (Pre).
[[0;32m  OK  [0m] Reached target Local File Systems.
         Starting Set console font and keymap...
         Starting Create Volatile Files and Directories...
         Starting LSB: AppArmor initialization...
         Starting Tell Plymouth To Write Out Runtime Data...
[[0;32m  OK  [0m] Started Tell Plymouth To Write Out Runtime Data.
[   22.066498] [[0;32m  OK  [0m] Started LSB: AppArmor initialization.
cloud-init[451]: Cloud-init v. 0.7.9 running 'init-local' at Wed, 08 Mar 2017 22:14:05 +0000. Up 21.60 seconds.
[[0;32m  OK  [0m] Started Create Volatile Files and Directories.
[[0;32m  OK  [0m] Started Initial cloud-init job (pre-networking).
[[0;32m  OK  [0m] Found device /dev/ttyS0.
[[0;32m  OK  [0m] Listening on Load/Save RF Kill Switch Status /dev/rfkill Watch.
[[0;32m  OK  [0m] Reached target Network (Pre).
[[0;32m  OK  [0m] Started ifup for enp0s3.
         Starting Update UTMP about System Boot/Shutdown...
[[0;32m  OK  [0m] Reached target System Time Synchronized.
         Starting Raise network interfaces...
[[0;32m  OK  [0m] Started Set console font and keymap.
[[0;32m  OK  [0m] Started Update UTMP about System Boot/Shutdown.
[[0;32m  OK  [0m] Created slice system-getty.slice.
[[0;32m  OK  [0m] Started Raise network interfaces.
         Starting Initial cloud-init job (metadata service crawler)...
[[0;32m  OK  [0m] Reached target Network.
[   38.012664] cloud-init[963]: Cloud-init v. 0.7.9 running 'init' at Wed, 08 Mar 2017 22:14:21 +0000. Up 37.64 seconds.
[[0;32m  OK  [0m] Started Initial cloud-init job (metadata service crawler).
[   38.116485] cloud-init[963]: ci-info: +++++++++++++++++++++++++++++++++++++Net device info++++++++++++++++++++++++++++++++++++++
[   38.125844] cloud-init[963]: ci-info: +--------+------+----------------------------+---------------+-------+-------------------+
[   38.183037] cloud-init[963]: ci-info: | Device |  Up  |          Address           |      Mask     | Scope |     Hw-Address    |
[[0;32m  OK  [0m] Reached target Cloud-config availability.
[   38.183079] cloud-init[963]: ci-info: +--------+------+----------------------------+---------------+-------+-------------------+
[   38.283167] cloud-init[963]: ci-info: |   lo   | True |         127.0.0.1          |   255.0.0.0   |   .   |         .         |
[   38.293620] cloud-init[963]: ci-info: |   lo   | True |          ::1/128           |       .       |  host |         .         |
[[0;32m  OK  [0m] Reached target Network is Online.
[   38.293663] cloud-init[963]: ci-info: | enp0s3 | True |         10.0.2.15          | 255.255.255.0 |   .   | 02:89:23:b2:51:06 |
[   38.402617] cloud-init[963]: ci-info: | enp0s3 | True | fe80::89:23ff:feb2:5106/64 |       .       |  link | 02:89:23:b2:51:06 |
[   38.446607] cloud-init[963]: ci-info: +--------+------+----------------------------+---------------+-------+-------------------+
[   38.456706] cloud-init[963]: ci-info: +++++++++++++++++++++++++++Route IPv4 info++++++++++++++++++++++++++++
         Starting iSCSI initiator daemon (iscsid)...
[   38.456747] cloud-init[963]: ci-info: +-------+-------------+----------+---------------+-----------+-------+
[   38.533671] cloud-init[963]: ci-info: | Route | Destination | Gateway  |    Genmask    | Interface | Flags |
[[0;32m  OK  [0m] Reached target System Initialization.
[   38.551162] cloud-init[963]: ci-info: +-------+-------------+----------+---------------+-----------+-------+
[   38.602746] cloud-init[963]: ci-info: |   0   |   0.0.0.0   | 10.0.2.2 |    0.0.0.0    |   enp0s3  |   UG  |
[[0;32m  OK  [0m] Listening on UUID daemon activation socket.
[[0;32m  OK  [0m] Listening on D-Bus System Message Bus Socket.
[[0;32m  OK  [0m] Listening on ACPID Listen Socket.
[   38.602809] [[0;32m  OK  [0m] Started ACPI Events Check.
cloud-init[[0;32m  OK  [0m] Started Daily apt activities.[963]: 
ci-info: |   1   |   10.0.2.0  | 0.0.0.0  | 255.255.255.0 |   enp0s3  |   U   |
[[0;32m  OK  [0m] Started Trigger resolvconf update for networkd DNS.
[[0;32m  OK  [0m] Reached target Paths.
[   38.739059] [[0;32m  OK  [0m] Started Timer to automatically refresh installed snaps.
cloud-init[963]: ci-info: +-------+-------------+----------+---------------+-----------+-------+
         Starting LXD - unix socket.
         Starting Socket activation for snappy daemon.
[[0;32m  OK  [0m] Started Daily Cleanup of Temporary Directories.
[[0;32m  OK  [0m] Reached target Timers.
[[0;32m  OK  [0m] Listening on LXD - unix socket.
[[0;32m  OK  [0m] Listening on Socket activation for snappy daemon.
[[0;32m  OK  [0m] Started iSCSI initiator daemon (iscsid).
         Starting Login to default iSCSI targets...
[[0;32m  OK  [0m] Reached target Sockets.
[[0;32m  OK  [0m] Reached target Basic System.
         Starting Login Service...
         Starting LSB: MD monitoring daemon...
         Starting LXD - container startup/shutdown...
         Starting Daily apt activities...
[[0;32m  OK  [0m] Started Deferred execution scheduler.
[[0;32m  OK  [0m] Started Snappy daemon.
         Starting Auto import assertions from block devices...
         Starting LSB: Record successful boot for GRUB...
         Starting Accounts Service...
         Starting System Logging Service...
         Starting /etc/rc.local Compatibility...
[[0;32m  OK  [0m] Started FUSE filesystem for LXC.
         Starting Apply the settings specified in cloud-config...
         Starting OpenBSD Secure Shell server...
[[0;32m  OK  [0m] Started Regular background program processing daemon.
[[0;32m  OK  [0m] Started D-Bus System Message Bus.
[[0;32m  OK  [0m] Started ACPI event daemon.
[[0;32m  OK  [0m] Started System Logging Service.
[[0;32m  OK  [0m] Started OpenBSD Secure Shell server.
[[0;32m  OK  [0m] Started LXD - container startup/shutdown.
[[0;32m  OK  [0m] Started Auto import assertions from block devices.
[[0;32m  OK  [0m] Started /etc/rc.local Compatibility.
[[0;32m  OK  [0m] Started Login to default iSCSI targets.
[[0;32m  OK  [0m] Started LSB: MD monitoring daemon.
[[0;32m  OK  [0m] Started LSB: Record successful boot for GRUB.
[[0;32m  OK  [0m] Started Login Service.
         Starting Authenticate and Authorize Users to Run Privileged Tasks...
[[0;32m  OK  [0m] Reached target Remote File Systems (Pre).
[[0;32m  OK  [0m] Reached target Remote File Systems.
         Starting LSB: daemon to balance interrupts for SMP systems...
         Starting LSB: VirtualBox Linux Additions...
         Starting LSB: Set the CPU Frequency Scaling governor to "ondemand"...
         Starting Permit User Sessions...
         Starting LSB: automatic crash report generation...
[[0;32m  OK  [0m] Started Permit User Sessions.
[[0;32m  OK  [0m] Started Authenticate and Authorize Users to Run Privileged Tasks.
[[0;32m  OK  [0m] Started Accounts Service.
[[0;32m  OK  [0m] Created slice User Slice of ubuntu.
         Starting User Manager for UID 1000...[   40.735607] 
[[0;32m  OK  [0mcloud-init] Started Session 1 of user ubuntu.
[1061]: Cloud-init v. 0.7.9 running 'modules:config' at Wed, 08 Mar 2017 22:14:24 +0000. Up 40.53 seconds.
         Starting Terminate Plymouth Boot Screen...
         Starting Hold until boot process finishes up...
[[0;32m  OK  [0m] Started User Manager for UID 1000.
[[0;32m  OK  [0m] Started Apply the settings specified in cloud-config.
[[0;32m  OK  [0m] Started LSB: daemon to balance interrupts for SMP systems.
[[0;32m  OK  [0m] Started LSB: VirtualBox Linux Additions.
[[0;32m  OK  [0m] Started LSB: Set the CPU Frequency Scaling governor to "ondemand".
[[0;32m  OK  [0m] Started LSB: automatic crash report generation.
[[0;32m  OK  [0m] Started Terminate Plymouth Boot Screen.
[[0;32m  OK  [0m] Started Hold until boot process finishes up.
[[0;32m  OK  [0m] Started Getty on tty1.
[[0;32m  OK  [0m] Started Serial Getty on ttyS0.
[[0;32m  OK  [0m] Reached target Login Prompts.
         Starting Set console scheme...
[[0;32m  OK  [0m] Reached target Multi-User System.
[[0;32m  OK  [0m] Reached target Graphical Interface.
         Starting Update UTMP about System Runlevel Changes...
         Starting Execute cloud user/final scripts...
[[0;32m  OK  [0m] Started Set console scheme.
[[0;32m  OK  [0m] Started Update UTMP about System Runlevel Changes.
[   42.054176] cloud-init[1242]: Cloud-init v. 0.7.9 running 'modules:final' at Wed, 08 Mar 2017 22:14:25 +0000. Up 41.92 seconds.
[   42.089751] cloud-init[1242]: Cloud-init v. 0.7.9 finished at Wed, 08 Mar 2017 22:14:26 +0000. Datasource DataSourceNoCloud [seed=/dev/sdb][dsmode=net].  Up 42.04 seconds
[[0;32m  OK  [0m] Started Execute cloud user/final scripts.
[[0;32m  OK  [0m] Reached target Cloud-init target.
         Stopping User Manager for UID 1000...
[[0;32m  OK  [0m] Stopped User Manager for UID 1000.
[[0;32m  OK  [0m] Removed slice User Slice of ubuntu.

Ubuntu 16.04.2 LTS ubuntu-xenial ttyS0

ubuntu-xenial login:          Stopping ACPI event daemon...
[[0;32m  OK  [0m] Closed Load/Save RF Kill Switch Status /dev/rfkill Watch.
[[0;32m  OK  [0m] Stopped target Cloud-init target.
[[0;32m  OK  [0m] Stopped Execute cloud user/final scripts.
[[0;32m  OK  [0m] Stopped Apply the settings specified in cloud-config.
         Stopping User Manager for UID 1000...
[[0;32m  OK  [0m] Stopped target Graphical Interface.
         Stopping Accounts Service...
[[0;32m  OK  [0m] Stopped target Cloud-config availability.
[[0;32m  OK  [0m] Stopped target Timers.
[[0;32m  OK  [0m] Stopped Daily apt activities.
[[0;32m  OK  [0m] Stopped Timer to automatically refresh installed snaps.
[[0;32m  OK  [0m] Stopped target System Time Synchronized.
         Stopping Session 4 of user ubuntu.
[[0;32m  OK  [0m] Stopped target Multi-User System.
         Stopping Snappy daemon...
         Stopping LSB: VirtualBox Linux Additions...
         Stopping System Logging Service...
         Stopping OpenBSD Secure Shell server...
         Stopping Deferred execution scheduler...
         Stopping Regular background program processing daemon...
         Stopping LSB: MD monitoring daemon...
         Stopping LSB: daemon to balance interrupts for S[[0;32m  OK  [0m] Unmounted /var/lib/lxcfs.
[[0;32m  OK  [0m] Stopped Deferred execution scheduler.
[[0;32m  OK  [0m] Stopped Snappy daemon.
[[0;32m  OK  [0m] Stopped Accounts Service.
[[0;32m  OK  [0m] Stopped System Logging Service.
[[0;32m  OK  [0m] Stopped OpenBSD Secure Shell server.
[[0;32m  OK  [0m] Stopped Regular background program processing daemon.
[[0;32m  OK  [0m] Stopped ACPI event daemon.
[[0;32m  OK  [0m] Stopped Authenticate and Authorize Users to Run Privileged Tasks.
[[0;32m  OK  [0m] Stopped Getty on tty1.
[[0;32m  OK  [0m] Stopped Serial Getty on ttyS0.
[[0;32m  OK  [0m] Stopped User Manager for UID 1000.
[[0;32m  OK  [0m] Stopped Session 4 of user ubuntu.
[[0;32m  OK  [0m] Stopped D-Bus System Message Bus.
[[0;32m  OK  [0m] Stopped FUSE filesystem for LXC.
[[0;32m  OK  [0m] Stopped LSB: MD monitoring daemon.
[[0;32m  OK  [0m] Stopped LSB: VirtualBox Linux Additions.
[[0;32m  OK  [0m] Stopped LSB: Set the CPU Frequency Scaling governor to "ondemand".
[[0;32m  OK  [0m] Stopped LSB: Record successful boot for GRUB.
[[0;32m  OK  [0m] Stopped LXD - container startup/shutdown.
[[0;32m  OK  [0m] Stopped LSB: daemon to balance interrupts for SMP systems.
[[0;32m  OK  [0m] Stopped LSB: automatic crash report generation.
[[0;32m  OK  [0m] Removed slice User Slice of ubuntu.
         Stopping Login Service...
[[0;32m  OK  [0m] Removed slice system-serial\x2dgetty.slice.
[[0;32m  OK  [0m] Removed slice system-getty.slice.
[[0;32m  OK  [0m] Stopped /etc/rc.local Compatibility.
         Stopping Permit User Sessions...
[[0;32m  OK  [0m] Stopped Login Service.
[[0;32m  OK  [0m] Stopped Permit User Sessions.
[[0;32m  OK  [0m] Stopped target Remote File Systems.
[[0;32m  OK  [0m] Stopped target Remote File Systems (Pre).
         Stopping Login to default iSCSI targets...
[[0;32m  OK  [0m] Stopped target Basic System.
[[0;32m  OK  [0m] Stopped target Slices.
[[0;32m  OK  [0m] Stopped target Paths.
[[0;32m  OK  [0m] Stopped Trigger resolvconf update for networkd DNS.
[[0;32m  OK  [0m] Stopped Dispatch Password Requests to Console Directory Watch.
[[0;32m  OK  [0m] Stopped Forward Password Requests to Wall Directory Watch.
[[0;32m  OK  [0m] Stopped ACPI Events Check.
[[0;32m  OK  [0m] Stopped target Sockets.
[[0;32m  OK  [0m] Closed LXD - unix socket.
[[0;32m  OK  [0m] Closed UUID daemon activation socket.
[[0;32m  OK  [0m] Closed ACPID Listen Socket.
[[0;32m  OK  [0m] Closed Syslog Socket.
[[0;32m  OK  [0m] Closed Socket activation for snappy daemon.
[[0;32m  OK  [0m] Closed D-Bus System Message Bus Socket.
[[0;32m  OK  [0m] Stopped target User and Group Name Lookups.
[[0;32m  OK  [0m] Stopped target System Initialization.
[[0;32m  OK  [0m] Stopped target Swap.
[[0;32m  OK  [0m] Stopped target Encrypted Volumes.
         Stopping Load/Save Random Seed...
[[0;32m  OK  [0m] Stopped Create Volatile Files and Directories.
[[0;32m  OK  [0m] Removed slice User and Session Slice.
[[0;32m  OK  [0m] Stopped Load/Save Random Seed.
[[0;32m  OK  [0m] Stopped Login to default iSCSI targets.
         Stopping iSCSI initiator daemon (iscsid)...
[[0;32m  OK  [0m] Stopped iSCSI initiator daemon (iscsid).
[[0;32m  OK  [0m] Stopped target Network is Online.
[[0;32m  OK  [0m] Stopped Initial cloud-init job (metadata service crawler).
[[0;32m  OK  [0m] Stopped target Network.
         Stopping Raise network interfaces...
[[0;32m  OK  [0m] Stopped Raise network interfaces.
[[0;32m  OK  [0m] Stopped target Network (Pre).
[[0;32m  OK  [0m] Stopped Initial cloud-init job (pre-networking).
[[0;32m  OK  [0m] Stopped Apply Kernel Variables.
[[0;32m  OK  [0m] Stopped target Local File Systems.
         Starting Unattended Upgrades Shutdown...
         Unmounting /vagrant...
         Unmounting /run/user/1000...
[[0;32m  OK  [0m] Stopped Load Kernel Modules.
[[0;32m  OK  [0m] Unmounted /vagrant.
[[0;32m  OK  [0m] Unmounted /run/user/1000.
[[0;32m  OK  [0m] Reached target Unmount All Filesystems.
[[0;32m  OK  [0m] Stopped target Local File Systems (Pre).
[[0;32m  OK  [0m] Stopped Create Static Device Nodes in /dev.
[[0;32m  OK  [0m] Stopped Remount Root and Kernel File Systems.
         Stopping Monitoring of LVM2 mirrors... dmeventd or progress polling...
[[0;32m  OK  [0m] Started Unattended Upgrades Shutdown.
[[0;32m  OK  [0m] Stopped Monitoring of LVM2 mirrors,...ng dmeventd or progress polling.
         Stopping LVM2 metadata daemon...
[[0;32m  OK  [0m] Reached target Shutdown.
[ 1892.733995] reboot: Power down
